<?xml version="1.0" encoding="utf-8"?><testsuites name="pytest tests"><testsuite name="pytest" errors="0" failures="1" skipped="0" tests="8" time="0.334" timestamp="2026-08-03T22:46:37.728146+08:00" hostname="Miin"><testcase classname="test_file1" name="test_role_is_valid[user0]" time="0.002" /><testcase classname="test_file1" name="test_role_is_valid[user1]" time="0.001" /><testcase classname="test_file1" name="test_role_is_valid[user2]" time="0.001" /><testcase classname="test_file1" name="test_admin_privilege[user0]" time="0.001" /><testcase classname="test_file1" name="test_admin_privilege[user1]" time="0.002" /><testcase classname="test_file1" name="test_admin_privilege[user2]" time="0.001" /><testcase classname="test_file2" name="test_processing_behavior2" time="0.001" /><testcase classname="test_file2" name="test_processing_behavior" time="0.002"><failure message="ValueError: Mapping failed: 'invalid_b' is not a valid identifier.">def test_processing_behavior():
        # If this raises a ValueError, Pytest catches it and marks the test as FAILED.
        # This is exactly what you want if the input was supposed to be valid.
&gt;       a = convert_to_uppercase("invalid_b")

test_file2.py:20: 
_ _ _ _ _ _ _ _ _ _ _ _ _ _ _ _ _ _ _ _ _ _ _ _ _ _ _ _ _ _ _ _ _ _ _ _ _ _ _ _ _ _ _ _ _ _ _ _ _ _ _ _ _ _ _ _ _ _ _ _ _ _ _ _ _ _ _ _ _ _ _ _ _ _ _ _ _ _ _ _ _ _ _ _ _ _ _ _ _ _ _ _ _ _ _ _ _ _ _ _ _ _ _ _ _ _ _ _ _ _ _ _ _ _ _ _

value_b = 'invalid_b'

    def convert_to_uppercase(value_b):
        mapping = {"b": "A", "c": "X"}
    
        if value_b not in mapping:
            # Fail fast with a clear message
&gt;           raise ValueError(f"Mapping failed: '{value_b}' is not a valid identifier.")
E           ValueError: Mapping failed: 'invalid_b' is not a valid identifier.

test_file2.py:7: ValueError</failure></testcase></testsuite></testsuites>